5 800 200 200 test1:

0 1 has taken a fork
1 1 has taken a fork
1 1 is eating
1 3 has taken a fork
1 3 has taken a fork
1 3 is eating
201 1 is sleeping
201 2 has taken a fork
201 2 has taken a fork
201 2 is eating
201 3 is sleeping
201 4 has taken a fork
201 4 has taken a fork
201 4 is eating
201 5 has taken a fork
401 1 is thinking
401 3 is thinking
401 2 is sleeping
401 1 has taken a fork
401 4 is sleeping
401 3 has taken a fork
401 3 has taken a fork
401 3 is eating
401 5 has taken a fork
401 5 is eating
601 2 is thinking
601 4 is thinking
601 5 is sleeping
601 3 is sleeping
601 1 has taken a fork
601 1 is eating
601 4 has taken a fork
601 4 has taken a fork
601 4 is eating
801 5 is thinking
801 3 is thinking
801 1 is sleeping
802 5 has taken a fork
802 5 has taken a fork
802 5 is eating
802 2 has taken a fork
802 2 has taken a fork
802 2 is eating
802 4 is sleeping
802 3 has taken a fork
1002 1 is thinking
1002 5 is sleeping
1002 2 is sleeping
1002 3 has taken a fork
1002 3 is eating
1002 1 has taken a fork
1002 1 has taken a fork
1002 1 is eating
1002 4 is thinking
1202 2 is thinking
1202 5 is thinking
1202 3 is sleeping
1202 4 has taken a fork
1202 5 has taken a fork
1202 5 has taken a fork
1202 5 is eating
1202 2 has taken a fork
1202 2 has taken a fork
1202 1 is sleeping
1202 2 is eating
1402 3 is thinking
1402 4 died

5 800 200 200 test2:

1 1 has taken a fork
1 1 has taken a fork
1 1 is eating
1 3 has taken a fork
1 3 has taken a fork
1 3 is eating
201 1 is sleeping
201 5 has taken a fork
201 5 has taken a fork
201 5 is eating
201 2 has taken a fork
201 3 is sleeping
201 2 has taken a fork
201 2 is eating
201 4 has taken a fork
401 1 is thinking
401 5 is sleeping
401 4 has taken a fork
401 4 is eating
401 2 is sleeping
401 3 is thinking
401 1 has taken a fork
401 1 has taken a fork
401 1 is eating
601 5 is thinking
601 2 is thinking
601 3 has taken a fork
601 3 has taken a fork
601 3 is eating
601 1 is sleeping
601 2 has taken a fork
601 5 has taken a fork
602 5 has taken a fork
602 5 is eating
602 4 is sleeping
802 1 is thinking
802 5 is sleeping
802 3 is sleeping
802 2 has taken a fork
802 2 is eating
802 4 is thinking
802 4 has taken a fork
802 4 has taken a fork
802 4 is eating
1002 3 is thinking
1002 2 is sleeping
1002 5 is thinking
1002 5 has taken a fork
1002 5 has taken a fork
1002 5 is eating
1002 3 has taken a fork
1002 3 has taken a fork
1002 3 is eating
1002 4 is sleeping
1002 1 has taken a fork
1202 1 died
5 800 200 200 test3:

1 1 has taken a fork
1 1 has taken a fork
1 1 is eating
1 3 has taken a fork
1 3 has taken a fork
1 3 is eating
201 1 is sleeping
201 5 has taken a fork
201 5 has taken a fork
201 5 is eating
201 2 has taken a fork
201 2 has taken a fork
201 3 is sleeping
201 4 has taken a fork
201 2 is eating
401 1 is thinking
401 5 is sleeping
401 3 is thinking
401 2 is sleeping
401 1 has taken a fork
401 1 has taken a fork
401 1 is eating
401 4 has taken a fork
401 4 is eating
601 5 is thinking
601 2 is thinking
601 1 is sleeping
601 5 has taken a fork
601 2 has taken a fork
601 2 has taken a fork
601 2 is eating
601 4 is sleeping
602 3 has taken a fork
602 5 has taken a fork
602 5 is eating
802 3 died
5 800 200 200 7 test1:

0 1 has taken a fork
1 1 has taken a fork
1 1 is eating
1 3 has taken a fork
1 3 has taken a fork
1 3 is eating
201 1 is sleeping
201 5 has taken a fork
201 5 has taken a fork
201 2 has taken a fork
201 5 is eating
201 3 is sleeping
201 2 has taken a fork
201 2 is eating
201 4 has taken a fork
401 1 is thinking
401 3 is thinking
401 5 is sleeping
401 2 is sleeping
401 4 has taken a fork
401 4 is eating
401 1 has taken a fork
401 1 has taken a fork
401 1 is eating
601 5 is thinking
601 2 is thinking
601 4 is sleeping
601 3 has taken a fork
601 3 has taken a fork
601 3 is eating
601 1 is sleeping
601 5 has taken a fork
601 5 has taken a fork
601 5 is eating
601 2 has taken a fork
801 4 is thinking
801 4 has taken a fork
801 5 is sleeping
801 2 has taken a fork
801 2 is eating
801 1 is thinking
801 3 is sleeping
801 4 has taken a fork
801 4 is eating
1001 5 is thinking
1001 5 has taken a fork
1002 2 is sleeping
1002 3 is thinking
1002 1 has taken a fork
1002 4 is sleeping
1002 3 has taken a fork
1002 3 has taken a fork
1002 3 is eating
1002 5 has taken a fork
1002 5 is eating
1202 2 is thinking
1202 4 is thinking
1202 3 is sleeping
1202 4 has taken a fork
1202 5 is sleeping
1202 4 has taken a fork
1202 4 is eating
1202 1 has taken a fork
1202 1 is eating
1402 3 is thinking
1402 4 is sleeping
1402 5 is thinking
1402 3 has taken a fork
1402 3 has taken a fork
1402 3 is eating
1402 1 is sleeping
1402 5 has taken a fork
1402 5 has taken a fork
1402 5 is eating
1402 2 has taken a fork
1602 4 is thinking
1602 1 is thinking
1602 5 is sleeping
1602 3 is sleeping
1602 4 has taken a fork
1602 4 has taken a fork
1602 4 is eating
1602 2 has taken a fork
1602 2 is eating
1802 3 is thinking
1802 4 is sleeping
1802 5 is thinking
1802 5 has taken a fork
1802 5 has taken a fork
1802 5 is eating
1802 2 is sleeping
1802 3 has taken a fork
1802 3 has taken a fork
1802 3 is eating
1802 1 has taken a fork
2002 4 is thinking
2003 2 is thinking
2003 3 is sleeping
2003 4 has taken a fork
2003 5 is sleeping
2003 4 has taken a fork
2003 4 is eating
2003 1 has taken a fork
2003 1 is eating
2203 3 is thinking
2203 5 is thinking
2203 4 is sleeping
2203 3 has taken a fork
2203 3 has taken a fork
2203 3 is eating
2203 1 is sleeping
2203 5 has taken a fork
2203 5 has taken a fork
2203 5 is eating
2203 2 has taken a fork
2403 3 is sleeping
2403 2 has taken a fork
2403 2 is eating
2403 4 is thinking
2403 4 has taken a fork
2403 1 is thinking
2403 5 is sleeping
2403 4 has taken a fork
2403 4 is eating
2603 3 is thinking
2603 2 is sleeping
2603 1 has taken a fork
2603 1 has taken a fork
2603 1 is eating
2603 5 is thinking
2603 4 is sleeping
2603 3 has taken a fork
2603 3 has taken a fork
2603 3 is eating
2803 2 is thinking
2803 4 is thinking
2803 1 is sleeping
2803 2 has taken a fork
2803 5 has taken a fork
2803 5 has taken a fork
2803 5 is eating
2803 3 is sleeping
2803 2 has taken a fork
2803 2 is eating
2803 4 has taken a fork
3003 1 is thinking
3003 3 is thinking
3003 5 is sleeping
3003 2 is sleeping
3003 4 has taken a fork
3003 4 is eating
3003 1 has taken a fork
3003 1 has taken a fork
3003 1 is eating
3203 2 is thinking
3203 5 is thinking
3204 4 is sleeping
3204 1 is sleeping
3204 2 has taken a fork
3204 3 has taken a fork
3204 5 has taken a fork
3204 5 has taken a fork
3204 5 is eating
3204 2 has taken a fork
3204 2 is eating
3404 3 died
1 1 is eating
1 3 is eating
201 5 is eating
201 2 is eating
401 4 is eating
401 1 is eating
601 3 is eating
602 5 is eating
802 2 is eating
802 4 is eating
1002 3 is eating
1002 5 is eating
1202 4 is eating

5 800 200 200 7 test2:

0 1 is eating
1 3 is eating
201 5 is eating
201 2 is eating
401 4 is eating
401 1 is eating
601 5 is eating
601 3 is eating
801 2 is eating
802 4 is eating
1002 3 is eating
1002 5 is eating
0 1 has taken a fork
0 1 has taken a fork
0 1 is eating
1 3 has taken a fork
1 3 has taken a fork
1 3 is eating
201 1 is sleeping
201 2 has taken a fork
201 2 has taken a fork
201 2 is eating
201 3 is sleeping
201 4 has taken a fork
201 4 has taken a fork
201 4 is eating
201 5 has taken a fork
401 1 is thinking
401 3 is thinking
401 3 has taken a fork
401 4 is sleeping
401 1 has taken a fork
401 5 has taken a fork
401 2 is sleeping
401 3 has taken a fork
401 3 is eating
401 5 is eating
601 4 is thinking
601 2 is thinking
601 5 is sleeping
601 3 is sleeping
601 1 has taken a fork
601 1 is eating
601 4 has taken a fork
601 4 has taken a fork
601 4 is eating
801 5 is thinking
801 5 has taken a fork
801 3 is thinking
801 1 is sleeping
801 2 has taken a fork
801 3 has taken a fork
801 3 has taken a fork
801 3 is eating
801 5 has taken a fork
801 4 is sleeping
801 5 is eating
1002 1 is thinking
1002 3 is sleeping
1002 2 has taken a fork
1002 2 died

4 310 200 100 test1:

0 1 has taken a fork
0 1 has taken a fork
0 1 is eating
0 3 has taken a fork
0 3 has taken a fork
0 3 is eating
200 1 is sleeping
201 2 has taken a fork
201 3 is sleeping
201 2 has taken a fork
201 2 is eating
201 4 has taken a fork
201 4 has taken a fork
201 4 is eating
301 1 is thinking
301 3 is thinking
311 1 died

4 310 200 100 test2:

0 1 has taken a fork
0 1 has taken a fork
0 1 is eating
1 3 has taken a fork
1 3 has taken a fork
1 3 is eating
201 1 is sleeping
201 2 has taken a fork
201 3 is sleeping
201 2 has taken a fork
201 4 has taken a fork
201 4 has taken a fork
201 4 is eating
201 2 is eating
301 1 is thinking
301 3 is thinking
311 1 died
